Component: ARM Compiler 5.06 update 5 (build 528) Tool: armlink [4d35e2]

==============================================================================

Section Cross References

    delay.o(.text) refers to fmul.o(x$fpl$fmul) for __aeabi_fmul
    delay.o(.text) refers to ffix.o(x$fpl$ffix) for __aeabi_f2iz
    i2c_accel.o(.text) refers to i2c_accel.o(.data) for buffer
    spi_lcd.o(.text) refers to gpio_lpc17xx.o(.text) for GPIO_PortClock
    spi_lcd.o(.text) refers to pin_lpc17xx.o(.text) for PIN_Configure
    spi_lcd.o(.text) refers to delay.o(.text) for delay
    ejercicio4.o(.text) refers to gpio_lpc17xx.o(.text) for GPIO_SetDir
    ejercicio4.o(.text) refers to pin_lpc17xx.o(.text) for PIN_Configure
    ejercicio4.o(.text) refers to system_lpc17xx.o(.text) for SystemInit
    ejercicio4.o(.text) refers to spi_lcd.o(.text) for SPILCD_Init
    ejercicio4.o(.text) refers to i2c_accel.o(.text) for I2CACCEL_Init
    ejercicio4.o(.text) refers to delay.o(.text) for delay
    ejercicio4.o(.text) refers to ejercicio4.o(.data) for actualizarLCD
    ejercicio4.o(.text) refers to ejercicio4.o(.bss) for buffer
    ejercicio4.o(.data) refers to ssp_lpc17xx.o(.constdata) for Driver_SPI1
    ejercicio4.o(.data) refers to i2c_lpc17xx.o(.constdata) for Driver_I2C2
    i2c_lpc17xx.o(.text) refers to pin_lpc17xx.o(.text) for PIN_Configure
    i2c_lpc17xx.o(.text) refers to rt_memclr_w.o(.text) for __aeabi_memclr4
    i2c_lpc17xx.o(.text) refers to system_lpc17xx.o(.data) for SystemCoreClock
    i2c_lpc17xx.o(.text) refers to i2c_lpc17xx.o(.constdata) for DriverVersion
    i2c_lpc17xx.o(.constdata) refers to i2c_lpc17xx.o(.data) for I2C2_PIN
    i2c_lpc17xx.o(.constdata) refers to i2c_lpc17xx.o(.bss) for I2C2_Ctrl
    i2c_lpc17xx.o(.constdata) refers to i2c_lpc17xx.o(.text) for I2C_GetVersion
    ssp_lpc17xx.o(.text) refers to rt_memclr_w.o(.text) for __aeabi_memclr4
    ssp_lpc17xx.o(.text) refers to pin_lpc17xx.o(.text) for PIN_Configure
    ssp_lpc17xx.o(.text) refers to gpdma_lpc17xx.o(.text) for GPDMA_Initialize
    ssp_lpc17xx.o(.text) refers to system_lpc17xx.o(.data) for SystemCoreClock
    ssp_lpc17xx.o(.text) refers to ssp_lpc17xx.o(.constdata) for DriverVersion
    ssp_lpc17xx.o(.text) refers to ssp_lpc17xx.o(.data) for dummy_data
    ssp_lpc17xx.o(.text) refers to gpio_lpc17xx.o(.text) for GPIO_PinWrite
    ssp_lpc17xx.o(.constdata) refers to ssp_lpc17xx.o(.data) for SSP1_pin_sck
    ssp_lpc17xx.o(.constdata) refers to ssp_lpc17xx.o(.text) for SSP1_GPDMA_Tx_SignalEvent
    ssp_lpc17xx.o(.constdata) refers to ssp_lpc17xx.o(.bss) for SSP1_Info
    gpdma_lpc17xx.o(.text) refers to gpdma_lpc17xx.o(.data) for Channel_active
    gpdma_lpc17xx.o(.text) refers to gpdma_lpc17xx.o(.bss) for Channel_info
    startup_lpc17xx.o(STACK) refers (Special) to heapauxi.o(.text) for __use_two_region_memory
    startup_lpc17xx.o(HEAP) refers (Special) to heapauxi.o(.text) for __use_two_region_memory
    startup_lpc17xx.o(RESET) refers (Special) to heapauxi.o(.text) for __use_two_region_memory
    startup_lpc17xx.o(RESET) refers to startup_lpc17xx.o(STACK) for __initial_sp
    startup_lpc17xx.o(RESET) refers to startup_lpc17xx.o(.text) for Reset_Handler
    startup_lpc17xx.o(RESET) refers to ejercicio4.o(.text) for TIMER1_IRQHandler
    startup_lpc17xx.o(RESET) refers to i2c_lpc17xx.o(.text) for I2C2_IRQHandler
    startup_lpc17xx.o(RESET) refers to ssp_lpc17xx.o(.text) for SSP1_IRQHandler
    startup_lpc17xx.o(RESET) refers to gpdma_lpc17xx.o(.text) for DMA_IRQHandler
    startup_lpc17xx.o(.ARM.__at_0x02FC) refers (Special) to heapauxi.o(.text) for __use_two_region_memory
    startup_lpc17xx.o(.text) refers (Special) to heapauxi.o(.text) for __use_two_region_memory
    startup_lpc17xx.o(.text) refers to system_lpc17xx.o(.text) for SystemInit
    startup_lpc17xx.o(.text) refers to __main.o(!!!main) for __main
    startup_lpc17xx.o(.text) refers to startup_lpc17xx.o(HEAP) for Heap_Mem
    startup_lpc17xx.o(.text) refers to startup_lpc17xx.o(STACK) for Stack_Mem
    system_lpc17xx.o(.text) refers to lludivv7m.o(.text) for __aeabi_uldivmod
    system_lpc17xx.o(.text) refers to system_lpc17xx.o(.data) for SystemCoreClock
    __main.o(!!!main) refers to __rtentry.o(.ARM.Collect$$rtentry$$00000000) for __rt_entry
    ffix.o(x$fpl$ffix) refers (Special) to usenofp.o(x$fpl$usenofp) for __I$use$fp
    ffix.o(x$fpl$ffix) refers to fnaninf.o(x$fpl$fnaninf) for __fpl_fnaninf
    ffix.o(x$fpl$ffixr) refers (Special) to usenofp.o(x$fpl$usenofp) for __I$use$fp
    ffix.o(x$fpl$ffixr) refers to fnaninf.o(x$fpl$fnaninf) for __fpl_fnaninf
    fmul.o(x$fpl$fmul) refers (Special) to usenofp.o(x$fpl$usenofp) for __I$use$fp
    fmul.o(x$fpl$fmul) refers to fretinf.o(x$fpl$fretinf) for __fpl_fretinf
    fmul.o(x$fpl$fmul) refers to fnaninf.o(x$fpl$fnaninf) for __fpl_fnaninf
    __rtentry.o(.ARM.Collect$$rtentry$$00000000) refers (Special) to __rtentry2.o(.ARM.Collect$$rtentry$$0000000A) for __rt_entry_li
    __rtentry.o(.ARM.Collect$$rtentry$$00000000) refers (Special) to __rtentry2.o(.ARM.Collect$$rtentry$$0000000D) for __rt_entry_main
    __rtentry.o(.ARM.Collect$$rtentry$$00000000) refers (Special) to __rtentry2.o(.ARM.Collect$$rtentry$$0000000C) for __rt_entry_postli_1
    __rtentry.o(.ARM.Collect$$rtentry$$00000000) refers (Special) to __rtentry2.o(.ARM.Collect$$rtentry$$00000009) for __rt_entry_postsh_1
    __rtentry.o(.ARM.Collect$$rtentry$$00000000) refers (Special) to __rtentry2.o(.ARM.Collect$$rtentry$$00000002) for __rt_entry_presh_1
    __rtentry.o(.ARM.Collect$$rtentry$$00000000) refers (Special) to __rtentry4.o(.ARM.Collect$$rtentry$$00000004) for __rt_entry_sh
    aeabi_ldiv0_sigfpe.o(.text) refers to rt_div0.o(.text) for __rt_div0
    fnaninf.o(x$fpl$fnaninf) refers (Special) to usenofp.o(x$fpl$usenofp) for __I$use$fp
    fretinf.o(x$fpl$fretinf) refers (Special) to usenofp.o(x$fpl$usenofp) for __I$use$fp
    __rtentry2.o(.ARM.Collect$$rtentry$$00000008) refers to boardinit2.o(.text) for _platform_post_stackheap_init
    __rtentry2.o(.ARM.Collect$$rtentry$$0000000A) refers to libinit.o(.ARM.Collect$$libinit$$00000000) for __rt_lib_init
    __rtentry2.o(.ARM.Collect$$rtentry$$0000000B) refers to boardinit3.o(.text) for _platform_post_lib_init
    __rtentry2.o(.ARM.Collect$$rtentry$$0000000D) refers to ejercicio4.o(.text) for main
    __rtentry2.o(.ARM.Collect$$rtentry$$0000000D) refers to exit.o(.text) for exit
    __rtentry2.o(.ARM.exidx) refers to __rtentry2.o(.ARM.Collect$$rtentry$$00000001) for .ARM.Collect$$rtentry$$00000001
    __rtentry2.o(.ARM.exidx) refers to __rtentry2.o(.ARM.Collect$$rtentry$$00000008) for .ARM.Collect$$rtentry$$00000008
    __rtentry2.o(.ARM.exidx) refers to __rtentry2.o(.ARM.Collect$$rtentry$$0000000A) for .ARM.Collect$$rtentry$$0000000A
    __rtentry2.o(.ARM.exidx) refers to __rtentry2.o(.ARM.Collect$$rtentry$$0000000B) for .ARM.Collect$$rtentry$$0000000B
    __rtentry2.o(.ARM.exidx) refers to __rtentry2.o(.ARM.Collect$$rtentry$$0000000D) for .ARM.Collect$$rtentry$$0000000D
    __rtentry4.o(.ARM.Collect$$rtentry$$00000004) refers to sys_stackheap_outer.o(.text) for __user_setup_stackheap
    __rtentry4.o(.ARM.exidx) refers to __rtentry4.o(.ARM.Collect$$rtentry$$00000004) for .ARM.Collect$$rtentry$$00000004
    rt_div0.o(.text) refers to defsig_fpe_outer.o(.text) for __rt_SIGFPE
    sys_stackheap_outer.o(.text) refers to libspace.o(.text) for __user_perproc_libspace
    sys_stackheap_outer.o(.text) refers to startup_lpc17xx.o(.text) for __user_initial_stackheap
    exit.o(.text) refers to rtexit.o(.ARM.Collect$$rtexit$$00000000) for __rt_exit
    defsig_fpe_outer.o(.text) refers to defsig_fpe_inner.o(.text) for __rt_SIGFPE_inner
    defsig_fpe_outer.o(.text) refers to defsig_exit.o(.text) for __sig_exit
    defsig_fpe_formal.o(.text) refers to rt_raise.o(.text) for __rt_raise
    libinit.o(.ARM.Collect$$libinit$$00000000) refers (Special) to libinit2.o(.ARM.Collect$$libinit$$0000002E) for __rt_lib_init_alloca_1
    libinit.o(.ARM.Collect$$libinit$$00000000) refers (Special) to libinit2.o(.ARM.Collect$$libinit$$0000002C) for __rt_lib_init_argv_1
    libinit.o(.ARM.Collect$$libinit$$00000000) refers (Special) to libinit2.o(.ARM.Collect$$libinit$$0000001B) for __rt_lib_init_atexit_1
    libinit.o(.ARM.Collect$$libinit$$00000000) refers (Special) to libinit2.o(.ARM.Collect$$libinit$$00000021) for __rt_lib_init_clock_1
    libinit.o(.ARM.Collect$$libinit$$00000000) refers (Special) to libinit2.o(.ARM.Collect$$libinit$$00000032) for __rt_lib_init_cpp_1
    libinit.o(.ARM.Collect$$libinit$$00000000) refers (Special) to libinit2.o(.ARM.Collect$$libinit$$00000030) for __rt_lib_init_exceptions_1
    libinit.o(.ARM.Collect$$libinit$$00000000) refers (Special) to libinit2.o(.ARM.Collect$$libinit$$00000002) for __rt_lib_init_fp_1
    libinit.o(.ARM.Collect$$libinit$$00000000) refers (Special) to libinit2.o(.ARM.Collect$$libinit$$0000001F) for __rt_lib_init_fp_trap_1
    libinit.o(.ARM.Collect$$libinit$$00000000) refers (Special) to libinit2.o(.ARM.Collect$$libinit$$00000023) for __rt_lib_init_getenv_1
    libinit.o(.ARM.Collect$$libinit$$00000000) refers (Special) to libinit2.o(.ARM.Collect$$libinit$$0000000A) for __rt_lib_init_heap_1
    libinit.o(.ARM.Collect$$libinit$$00000000) refers (Special) to libinit2.o(.ARM.Collect$$libinit$$00000011) for __rt_lib_init_lc_collate_1
    libinit.o(.ARM.Collect$$libinit$$00000000) refers (Special) to libinit2.o(.ARM.Collect$$libinit$$00000013) for __rt_lib_init_lc_ctype_1
    libinit.o(.ARM.Collect$$libinit$$00000000) refers (Special) to libinit2.o(.ARM.Collect$$libinit$$00000015) for __rt_lib_init_lc_monetary_1
    libinit.o(.ARM.Collect$$libinit$$00000000) refers (Special) to libinit2.o(.ARM.Collect$$libinit$$00000017) for __rt_lib_init_lc_numeric_1
    libinit.o(.ARM.Collect$$libinit$$00000000) refers (Special) to libinit2.o(.ARM.Collect$$libinit$$00000019) for __rt_lib_init_lc_time_1
    libinit.o(.ARM.Collect$$libinit$$00000000) refers (Special) to libinit2.o(.ARM.Collect$$libinit$$00000004) for __rt_lib_init_preinit_1
    libinit.o(.ARM.Collect$$libinit$$00000000) refers (Special) to libinit2.o(.ARM.Collect$$libinit$$0000000E) for __rt_lib_init_rand_1
    libinit.o(.ARM.Collect$$libinit$$00000000) refers (Special) to libinit2.o(.ARM.Collect$$libinit$$00000033) for __rt_lib_init_return
    libinit.o(.ARM.Collect$$libinit$$00000000) refers (Special) to libinit2.o(.ARM.Collect$$libinit$$0000001D) for __rt_lib_init_signal_1
    libinit.o(.ARM.Collect$$libinit$$00000000) refers (Special) to libinit2.o(.ARM.Collect$$libinit$$00000025) for __rt_lib_init_stdio_1
    libinit.o(.ARM.Collect$$libinit$$00000000) refers (Special) to libinit2.o(.ARM.Collect$$libinit$$0000000C) for __rt_lib_init_user_alloc_1
    libspace.o(.text) refers to libspace.o(.bss) for __libspace_start
    rtexit.o(.ARM.Collect$$rtexit$$00000000) refers (Special) to rtexit2.o(.ARM.Collect$$rtexit$$00000004) for __rt_exit_exit
    rtexit.o(.ARM.Collect$$rtexit$$00000000) refers (Special) to rtexit2.o(.ARM.Collect$$rtexit$$00000003) for __rt_exit_ls
    rtexit.o(.ARM.Collect$$rtexit$$00000000) refers (Special) to rtexit2.o(.ARM.Collect$$rtexit$$00000002) for __rt_exit_prels_1
    rtexit.o(.ARM.exidx) refers (Special) to rtexit2.o(.ARM.Collect$$rtexit$$00000004) for __rt_exit_exit
    rtexit.o(.ARM.exidx) refers (Special) to rtexit2.o(.ARM.Collect$$rtexit$$00000003) for __rt_exit_ls
    rtexit.o(.ARM.exidx) refers (Special) to rtexit2.o(.ARM.Collect$$rtexit$$00000002) for __rt_exit_prels_1
    rtexit.o(.ARM.exidx) refers to rtexit.o(.ARM.Collect$$rtexit$$00000000) for .ARM.Collect$$rtexit$$00000000
    rt_raise.o(.text) refers to __raise.o(.text) for __raise
    rt_raise.o(.text) refers to sys_exit.o(.text) for _sys_exit
    defsig_exit.o(.text) refers to sys_exit.o(.text) for _sys_exit
    defsig_fpe_inner.o(.text) refers to defsig_general.o(.text) for __default_signal_display
    libinit2.o(.ARM.Collect$$libinit$$00000010) refers to libinit2.o(.ARM.Collect$$libinit$$0000000F) for .ARM.Collect$$libinit$$0000000F
    libinit2.o(.ARM.Collect$$libinit$$00000012) refers to libinit2.o(.ARM.Collect$$libinit$$0000000F) for .ARM.Collect$$libinit$$0000000F
    libinit2.o(.ARM.Collect$$libinit$$00000014) refers to libinit2.o(.ARM.Collect$$libinit$$0000000F) for .ARM.Collect$$libinit$$0000000F
    libinit2.o(.ARM.Collect$$libinit$$00000016) refers to libinit2.o(.ARM.Collect$$libinit$$0000000F) for .ARM.Collect$$libinit$$0000000F
    libinit2.o(.ARM.Collect$$libinit$$00000018) refers to libinit2.o(.ARM.Collect$$libinit$$0000000F) for .ARM.Collect$$libinit$$0000000F
    libinit2.o(.ARM.Collect$$libinit$$00000026) refers to argv_veneer.o(.emb_text) for __ARM_argv_veneer
    libinit2.o(.ARM.Collect$$libinit$$00000027) refers to argv_veneer.o(.emb_text) for __ARM_argv_veneer
    sys_exit.o(.text) refers (Special) to use_no_semi.o(.text) for __I$use$semihosting
    sys_exit.o(.text) refers (Special) to indicate_semi.o(.text) for __semihosting_library_function
    rtexit2.o(.ARM.Collect$$rtexit$$00000003) refers to libshutdown.o(.ARM.Collect$$libshutdown$$00000000) for __rt_lib_shutdown
    rtexit2.o(.ARM.Collect$$rtexit$$00000004) refers to sys_exit.o(.text) for _sys_exit
    rtexit2.o(.ARM.exidx) refers to rtexit2.o(.ARM.Collect$$rtexit$$00000001) for .ARM.Collect$$rtexit$$00000001
    rtexit2.o(.ARM.exidx) refers to rtexit2.o(.ARM.Collect$$rtexit$$00000003) for .ARM.Collect$$rtexit$$00000003
    rtexit2.o(.ARM.exidx) refers to rtexit2.o(.ARM.Collect$$rtexit$$00000004) for .ARM.Collect$$rtexit$$00000004
    __raise.o(.text) refers to defsig.o(CL$$defsig) for __default_signal_handler
    defsig_general.o(.text) refers to sys_wrch.o(.text) for _ttywrch
    argv_veneer.o(.emb_text) refers to no_argv.o(.text) for __ARM_get_argv
    sys_wrch.o(.text) refers (Special) to use_no_semi.o(.text) for __I$use$semihosting
    sys_wrch.o(.text) refers (Special) to indicate_semi.o(.text) for __semihosting_library_function
    defsig.o(CL$$defsig) refers to defsig_fpe_inner.o(.text) for __rt_SIGFPE_inner
    defsig.o(CL$$defsig) refers to defsig_rtmem_inner.o(.text) for __rt_SIGRTMEM_inner
    _get_argv_nomalloc.o(.text) refers (Special) to hrguard.o(.text) for __heap_region$guard
    _get_argv_nomalloc.o(.text) refers to defsig_rtmem_outer.o(.text) for __rt_SIGRTMEM
    _get_argv_nomalloc.o(.text) refers to sys_command.o(.text) for _sys_command_string
    libshutdown.o(.ARM.Collect$$libshutdown$$00000000) refers (Special) to libshutdown2.o(.ARM.Collect$$libshutdown$$00000002) for __rt_lib_shutdown_cpp_1
    libshutdown.o(.ARM.Collect$$libshutdown$$00000000) refers (Special) to libshutdown2.o(.ARM.Collect$$libshutdown$$00000007) for __rt_lib_shutdown_fp_trap_1
    libshutdown.o(.ARM.Collect$$libshutdown$$00000000) refers (Special) to libshutdown2.o(.ARM.Collect$$libshutdown$$0000000F) for __rt_lib_shutdown_heap_1
    libshutdown.o(.ARM.Collect$$libshutdown$$00000000) refers (Special) to libshutdown2.o(.ARM.Collect$$libshutdown$$00000010) for __rt_lib_shutdown_return
    libshutdown.o(.ARM.Collect$$libshutdown$$00000000) refers (Special) to libshutdown2.o(.ARM.Collect$$libshutdown$$0000000A) for __rt_lib_shutdown_signal_1
    libshutdown.o(.ARM.Collect$$libshutdown$$00000000) refers (Special) to libshutdown2.o(.ARM.Collect$$libshutdown$$00000004) for __rt_lib_shutdown_stdio_1
    libshutdown.o(.ARM.Collect$$libshutdown$$00000000) refers (Special) to libshutdown2.o(.ARM.Collect$$libshutdown$$0000000C) for __rt_lib_shutdown_user_alloc_1
    sys_command.o(.text) refers (Special) to use_no_semi.o(.text) for __I$use$semihosting
    sys_command.o(.text) refers (Special) to indicate_semi.o(.text) for __semihosting_library_function
    defsig_abrt_inner.o(.text) refers to defsig_general.o(.text) for __default_signal_display
    defsig_rtred_inner.o(.text) refers to defsig_general.o(.text) for __default_signal_display
    defsig_rtmem_inner.o(.text) refers to defsig_general.o(.text) for __default_signal_display
    defsig_rtmem_outer.o(.text) refers to defsig_rtmem_inner.o(.text) for __rt_SIGRTMEM_inner
    defsig_rtmem_outer.o(.text) refers to defsig_exit.o(.text) for __sig_exit
    defsig_rtmem_formal.o(.text) refers to rt_raise.o(.text) for __rt_raise
    defsig_stak_inner.o(.text) refers to defsig_general.o(.text) for __default_signal_display
    defsig_pvfn_inner.o(.text) refers to defsig_general.o(.text) for __default_signal_display
    defsig_cppl_inner.o(.text) refers to defsig_general.o(.text) for __default_signal_display
    defsig_segv_inner.o(.text) refers to defsig_general.o(.text) for __default_signal_display
    defsig_other.o(.text) refers to defsig_general.o(.text) for __default_signal_display


==============================================================================

Removing Unused input sections from the image.

    Removing delay.o(.rev16_text), (4 bytes).
    Removing delay.o(.revsh_text), (4 bytes).
    Removing delay.o(.rrx_text), (6 bytes).
    Removing spi_lcd.o(.rev16_text), (4 bytes).
    Removing spi_lcd.o(.revsh_text), (4 bytes).
    Removing spi_lcd.o(.rrx_text), (6 bytes).
    Removing ejercicio4.o(.rev16_text), (4 bytes).
    Removing ejercicio4.o(.revsh_text), (4 bytes).
    Removing ejercicio4.o(.rrx_text), (6 bytes).
    Removing i2c_lpc17xx.o(.rev16_text), (4 bytes).
    Removing i2c_lpc17xx.o(.revsh_text), (4 bytes).
    Removing i2c_lpc17xx.o(.rrx_text), (6 bytes).
    Removing ssp_lpc17xx.o(.rev16_text), (4 bytes).
    Removing ssp_lpc17xx.o(.revsh_text), (4 bytes).
    Removing ssp_lpc17xx.o(.rrx_text), (6 bytes).
    Removing gpdma_lpc17xx.o(.rev16_text), (4 bytes).
    Removing gpdma_lpc17xx.o(.revsh_text), (4 bytes).
    Removing gpdma_lpc17xx.o(.rrx_text), (6 bytes).
    Removing gpio_lpc17xx.o(.rev16_text), (4 bytes).
    Removing gpio_lpc17xx.o(.revsh_text), (4 bytes).
    Removing gpio_lpc17xx.o(.rrx_text), (6 bytes).
    Removing pin_lpc17xx.o(.rev16_text), (4 bytes).
    Removing pin_lpc17xx.o(.revsh_text), (4 bytes).
    Removing pin_lpc17xx.o(.rrx_text), (6 bytes).
    Removing system_lpc17xx.o(.rev16_text), (4 bytes).
    Removing system_lpc17xx.o(.revsh_text), (4 bytes).
    Removing system_lpc17xx.o(.rrx_text), (6 bytes).

27 unused section(s) (total 126 bytes) removed from the image.

==============================================================================

Image Symbol Table

    Local Symbols

    Symbol Name                              Value     Ov Type        Size  Object(Section)

    RESET                                    0x00000000   Section      204  startup_lpc17xx.o(RESET)
    ../clib/angel/boardlib.s                 0x00000000   Number         0  boardinit1.o ABSOLUTE
    ../clib/angel/boardlib.s                 0x00000000   Number         0  boardinit3.o ABSOLUTE
    ../clib/angel/boardlib.s                 0x00000000   Number         0  boardshut.o ABSOLUTE
    ../clib/angel/boardlib.s                 0x00000000   Number         0  boardinit2.o ABSOLUTE
    ../clib/angel/handlers.s                 0x00000000   Number         0  __scatter_zi.o ABSOLUTE
    ../clib/angel/handlers.s                 0x00000000   Number         0  __scatter_copy.o ABSOLUTE
    ../clib/angel/kernel.s                   0x00000000   Number         0  rtexit.o ABSOLUTE
    ../clib/angel/kernel.s                   0x00000000   Number         0  __rtentry.o ABSOLUTE
    ../clib/angel/kernel.s                   0x00000000   Number         0  rtexit2.o ABSOLUTE
    ../clib/angel/kernel.s                   0x00000000   Number         0  __rtentry4.o ABSOLUTE
    ../clib/angel/kernel.s                   0x00000000   Number         0  __rtentry2.o ABSOLUTE
    ../clib/angel/rt.s                       0x00000000   Number         0  aeabi_ldiv0.o ABSOLUTE
    ../clib/angel/rt.s                       0x00000000   Number         0  aeabi_ldiv0_sigfpe.o ABSOLUTE
    ../clib/angel/rt.s                       0x00000000   Number         0  rt_raise.o ABSOLUTE
    ../clib/angel/rt.s                       0x00000000   Number         0  rt_div0.o ABSOLUTE
    ../clib/angel/scatter.s                  0x00000000   Number         0  __scatter.o ABSOLUTE
    ../clib/angel/startup.s                  0x00000000   Number         0  __main.o ABSOLUTE
    ../clib/angel/sys.s                      0x00000000   Number         0  use_no_semi.o ABSOLUTE
    ../clib/angel/sys.s                      0x00000000   Number         0  indicate_semi.o ABSOLUTE
    ../clib/angel/sys.s                      0x00000000   Number         0  sys_stackheap_outer.o ABSOLUTE
    ../clib/angel/sys.s                      0x00000000   Number         0  libspace.o ABSOLUTE
    ../clib/angel/sysapp.c                   0x00000000   Number         0  sys_command.o ABSOLUTE
    ../clib/angel/sysapp.c                   0x00000000   Number         0  sys_wrch.o ABSOLUTE
    ../clib/angel/sysapp.c                   0x00000000   Number         0  sys_exit.o ABSOLUTE
    ../clib/armsys.c                         0x00000000   Number         0  argv_veneer.o ABSOLUTE
    ../clib/armsys.c                         0x00000000   Number         0  argv_veneer.o ABSOLUTE
    ../clib/armsys.c                         0x00000000   Number         0  _get_argv_nomalloc.o ABSOLUTE
    ../clib/armsys.c                         0x00000000   Number         0  no_argv.o ABSOLUTE
    ../clib/heapalloc.c                      0x00000000   Number         0  hrguard.o ABSOLUTE
    ../clib/heapaux.c                        0x00000000   Number         0  heapauxi.o ABSOLUTE
    ../clib/libinit.s                        0x00000000   Number         0  libshutdown2.o ABSOLUTE
    ../clib/libinit.s                        0x00000000   Number         0  libinit2.o ABSOLUTE
    ../clib/libinit.s                        0x00000000   Number         0  libshutdown.o ABSOLUTE
    ../clib/libinit.s                        0x00000000   Number         0  libinit.o ABSOLUTE
    ../clib/longlong.s                       0x00000000   Number         0  lludivv7m.o ABSOLUTE
    ../clib/memcpset.s                       0x00000000   Number         0  rt_memclr_w.o ABSOLUTE
    ../clib/signal.c                         0x00000000   Number         0  defsig_rtmem_formal.o ABSOLUTE
    ../clib/signal.c                         0x00000000   Number         0  defsig_rtmem_outer.o ABSOLUTE
    ../clib/signal.c                         0x00000000   Number         0  defsig_rtmem_inner.o ABSOLUTE
    ../clib/signal.c                         0x00000000   Number         0  defsig_rtred_inner.o ABSOLUTE
    ../clib/signal.c                         0x00000000   Number         0  defsig_abrt_inner.o ABSOLUTE
    ../clib/signal.c                         0x00000000   Number         0  defsig_general.o ABSOLUTE
    ../clib/signal.c                         0x00000000   Number         0  __raise.o ABSOLUTE
    ../clib/signal.c                         0x00000000   Number         0  defsig_stak_inner.o ABSOLUTE
    ../clib/signal.c                         0x00000000   Number         0  defsig_fpe_inner.o ABSOLUTE
    ../clib/signal.c                         0x00000000   Number         0  defsig_exit.o ABSOLUTE
    ../clib/signal.c                         0x00000000   Number         0  defsig_fpe_formal.o ABSOLUTE
    ../clib/signal.c                         0x00000000   Number         0  defsig_fpe_outer.o ABSOLUTE
    ../clib/signal.c                         0x00000000   Number         0  defsig_other.o ABSOLUTE
    ../clib/signal.c                         0x00000000   Number         0  defsig_segv_inner.o ABSOLUTE
    ../clib/signal.c                         0x00000000   Number         0  defsig_cppl_inner.o ABSOLUTE
    ../clib/signal.c                         0x00000000   Number         0  defsig_pvfn_inner.o ABSOLUTE
    ../clib/signal.s                         0x00000000   Number         0  defsig.o ABSOLUTE
    ../clib/stdlib.c                         0x00000000   Number         0  exit.o ABSOLUTE
    ../fplib/ffix.s                          0x00000000   Number         0  ffix.o ABSOLUTE
    ../fplib/fmul.s                          0x00000000   Number         0  fmul.o ABSOLUTE
    ../fplib/fnaninf.s                       0x00000000   Number         0  fnaninf.o ABSOLUTE
    ../fplib/fpinit.s                        0x00000000   Number         0  fpinit.o ABSOLUTE
    ../fplib/fretinf.s                       0x00000000   Number         0  fretinf.o ABSOLUTE
    ../fplib/usenofp.s                       0x00000000   Number         0  usenofp.o ABSOLUTE
    C:\Keil_v5\ARM\PACK\Keil\LPC1700_DFP\2.4.0\RTE_Driver\GPDMA_LPC17xx.c 0x00000000   Number         0  gpdma_lpc17xx.o ABSOLUTE
    C:\Keil_v5\ARM\PACK\Keil\LPC1700_DFP\2.4.0\RTE_Driver\GPIO_LPC17xx.c 0x00000000   Number         0  gpio_lpc17xx.o ABSOLUTE
    C:\Keil_v5\ARM\PACK\Keil\LPC1700_DFP\2.4.0\RTE_Driver\I2C_LPC17xx.c 0x00000000   Number         0  i2c_lpc17xx.o ABSOLUTE
    C:\Keil_v5\ARM\PACK\Keil\LPC1700_DFP\2.4.0\RTE_Driver\PIN_LPC17xx.c 0x00000000   Number         0  pin_lpc17xx.o ABSOLUTE
    C:\Keil_v5\ARM\PACK\Keil\LPC1700_DFP\2.4.0\RTE_Driver\SSP_LPC17xx.c 0x00000000   Number         0  ssp_lpc17xx.o ABSOLUTE
    C:\\Keil_v5\\ARM\\PACK\\Keil\\LPC1700_DFP\\2.4.0\\RTE_Driver\\GPDMA_LPC17xx.c 0x00000000   Number         0  gpdma_lpc17xx.o ABSOLUTE
    C:\\Keil_v5\\ARM\\PACK\\Keil\\LPC1700_DFP\\2.4.0\\RTE_Driver\\GPIO_LPC17xx.c 0x00000000   Number         0  gpio_lpc17xx.o ABSOLUTE
    C:\\Keil_v5\\ARM\\PACK\\Keil\\LPC1700_DFP\\2.4.0\\RTE_Driver\\I2C_LPC17xx.c 0x00000000   Number         0  i2c_lpc17xx.o ABSOLUTE
    C:\\Keil_v5\\ARM\\PACK\\Keil\\LPC1700_DFP\\2.4.0\\RTE_Driver\\PIN_LPC17xx.c 0x00000000   Number         0  pin_lpc17xx.o ABSOLUTE
    C:\\Keil_v5\\ARM\\PACK\\Keil\\LPC1700_DFP\\2.4.0\\RTE_Driver\\SSP_LPC17xx.c 0x00000000   Number         0  ssp_lpc17xx.o ABSOLUTE
    DELAY.c                                  0x00000000   Number         0  delay.o ABSOLUTE
    DELAY.c                                  0x00000000   Number         0  delay.o ABSOLUTE
    Ejercicio4.c                             0x00000000   Number         0  ejercicio4.o ABSOLUTE
    Ejercicio4.c                             0x00000000   Number         0  ejercicio4.o ABSOLUTE
    I2C_ACCEL.c                              0x00000000   Number         0  i2c_accel.o ABSOLUTE
    RTE\Device\LPC1768\startup_LPC17xx.s     0x00000000   Number         0  startup_lpc17xx.o ABSOLUTE
    RTE\Device\LPC1768\system_LPC17xx.c      0x00000000   Number         0  system_lpc17xx.o ABSOLUTE
    RTE\\Device\\LPC1768\\system_LPC17xx.c   0x00000000   Number         0  system_lpc17xx.o ABSOLUTE
    SPI_LCD.c                                0x00000000   Number         0  spi_lcd.o ABSOLUTE
    SPI_LCD.c                                0x00000000   Number         0  spi_lcd.o ABSOLUTE
    dc.s                                     0x00000000   Number         0  dc.o ABSOLUTE
    !!!main                                  0x000000cc   Section        8  __main.o(!!!main)
    !!!scatter                               0x000000d4   Section       52  __scatter.o(!!!scatter)
    !!handler_copy                           0x00000108   Section       26  __scatter_copy.o(!!handler_copy)
    !!handler_zi                             0x00000124   Section       28  __scatter_zi.o(!!handler_zi)
    .ARM.Collect$$libinit$$00000000          0x00000140   Section        2  libinit.o(.ARM.Collect$$libinit$$00000000)
    .ARM.Collect$$libinit$$00000002          0x00000142   Section        0  libinit2.o(.ARM.Collect$$libinit$$00000002)
    .ARM.Collect$$libinit$$00000004          0x00000142   Section        0  libinit2.o(.ARM.Collect$$libinit$$00000004)
    .ARM.Collect$$libinit$$0000000A          0x00000142   Section        0  libinit2.o(.ARM.Collect$$libinit$$0000000A)
    .ARM.Collect$$libinit$$0000000C          0x00000142   Section        0  libinit2.o(.ARM.Collect$$libinit$$0000000C)
    .ARM.Collect$$libinit$$0000000E          0x00000142   Section        0  libinit2.o(.ARM.Collect$$libinit$$0000000E)
    .ARM.Collect$$libinit$$00000011          0x00000142   Section        0  libinit2.o(.ARM.Collect$$libinit$$00000011)
    .ARM.Collect$$libinit$$00000013          0x00000142   Section        0  libinit2.o(.ARM.Collect$$libinit$$00000013)
    .ARM.Collect$$libinit$$00000015          0x00000142   Section        0  libinit2.o(.ARM.Collect$$libinit$$00000015)
    .ARM.Collect$$libinit$$00000017          0x00000142   Section        0  libinit2.o(.ARM.Collect$$libinit$$00000017)
    .ARM.Collect$$libinit$$00000019          0x00000142   Section        0  libinit2.o(.ARM.Collect$$libinit$$00000019)
    .ARM.Collect$$libinit$$0000001B          0x00000142   Section        0  libinit2.o(.ARM.Collect$$libinit$$0000001B)
    .ARM.Collect$$libinit$$0000001D          0x00000142   Section        0  libinit2.o(.ARM.Collect$$libinit$$0000001D)
    .ARM.Collect$$libinit$$0000001F          0x00000142   Section        0  libinit2.o(.ARM.Collect$$libinit$$0000001F)
    .ARM.Collect$$libinit$$00000021          0x00000142   Section        0  libinit2.o(.ARM.Collect$$libinit$$00000021)
    .ARM.Collect$$libinit$$00000023          0x00000142   Section        0  libinit2.o(.ARM.Collect$$libinit$$00000023)
    .ARM.Collect$$libinit$$00000025          0x00000142   Section        0  libinit2.o(.ARM.Collect$$libinit$$00000025)
    .ARM.Collect$$libinit$$0000002C          0x00000142   Section        0  libinit2.o(.ARM.Collect$$libinit$$0000002C)
    .ARM.Collect$$libinit$$0000002E          0x00000142   Section        0  libinit2.o(.ARM.Collect$$libinit$$0000002E)
    .ARM.Collect$$libinit$$00000030          0x00000142   Section        0  libinit2.o(.ARM.Collect$$libinit$$00000030)
    .ARM.Collect$$libinit$$00000032          0x00000142   Section        0  libinit2.o(.ARM.Collect$$libinit$$00000032)
    .ARM.Collect$$libinit$$00000033          0x00000142   Section        2  libinit2.o(.ARM.Collect$$libinit$$00000033)
    .ARM.Collect$$libshutdown$$00000000      0x00000144   Section        2  libshutdown.o(.ARM.Collect$$libshutdown$$00000000)
    .ARM.Collect$$libshutdown$$00000002      0x00000146   Section        0  libshutdown2.o(.ARM.Collect$$libshutdown$$00000002)
    .ARM.Collect$$libshutdown$$00000004      0x00000146   Section        0  libshutdown2.o(.ARM.Collect$$libshutdown$$00000004)
    .ARM.Collect$$libshutdown$$00000007      0x00000146   Section        0  libshutdown2.o(.ARM.Collect$$libshutdown$$00000007)
    .ARM.Collect$$libshutdown$$0000000A      0x00000146   Section        0  libshutdown2.o(.ARM.Collect$$libshutdown$$0000000A)
    .ARM.Collect$$libshutdown$$0000000C      0x00000146   Section        0  libshutdown2.o(.ARM.Collect$$libshutdown$$0000000C)
    .ARM.Collect$$libshutdown$$0000000F      0x00000146   Section        0  libshutdown2.o(.ARM.Collect$$libshutdown$$0000000F)
    .ARM.Collect$$libshutdown$$00000010      0x00000146   Section        2  libshutdown2.o(.ARM.Collect$$libshutdown$$00000010)
    .ARM.Collect$$rtentry$$00000000          0x00000148   Section        0  __rtentry.o(.ARM.Collect$$rtentry$$00000000)
    .ARM.Collect$$rtentry$$00000002          0x00000148   Section        0  __rtentry2.o(.ARM.Collect$$rtentry$$00000002)
    .ARM.Collect$$rtentry$$00000004          0x00000148   Section        6  __rtentry4.o(.ARM.Collect$$rtentry$$00000004)
    .ARM.Collect$$rtentry$$00000009          0x0000014e   Section        0  __rtentry2.o(.ARM.Collect$$rtentry$$00000009)
    .ARM.Collect$$rtentry$$0000000A          0x0000014e   Section        4  __rtentry2.o(.ARM.Collect$$rtentry$$0000000A)
    .ARM.Collect$$rtentry$$0000000C          0x00000152   Section        0  __rtentry2.o(.ARM.Collect$$rtentry$$0000000C)
    .ARM.Collect$$rtentry$$0000000D          0x00000152   Section        8  __rtentry2.o(.ARM.Collect$$rtentry$$0000000D)
    .ARM.Collect$$rtexit$$00000000           0x0000015a   Section        2  rtexit.o(.ARM.Collect$$rtexit$$00000000)
    .ARM.Collect$$rtexit$$00000002           0x0000015c   Section        0  rtexit2.o(.ARM.Collect$$rtexit$$00000002)
    .ARM.Collect$$rtexit$$00000003           0x0000015c   Section        4  rtexit2.o(.ARM.Collect$$rtexit$$00000003)
    .ARM.Collect$$rtexit$$00000004           0x00000160   Section        6  rtexit2.o(.ARM.Collect$$rtexit$$00000004)
    .text                                    0x00000168   Section        0  delay.o(.text)
    .text                                    0x000001b0   Section        0  gpio_lpc17xx.o(.text)
    .text                                    0x0000027c   Section       60  startup_lpc17xx.o(.text)
    .text                                    0x000002b8   Section        0  heapauxi.o(.text)
    .text                                    0x000002be   Section        0  exit.o(.text)
    .text                                    0x000002d0   Section        8  libspace.o(.text)
    .text                                    0x000002d8   Section        0  sys_exit.o(.text)
    .text                                    0x000002e4   Section        2  use_no_semi.o(.text)
    .text                                    0x000002e6   Section        0  indicate_semi.o(.text)
    x$fpl$fretinf                            0x000002e6   Section       10  fretinf.o(x$fpl$fretinf)
    x$fpl$usenofp                            0x000002f0   Section        0  usenofp.o(x$fpl$usenofp)
    .ARM.__at_0x02FC                         0x000002fc   Section        4  startup_lpc17xx.o(.ARM.__at_0x02FC)
    .text                                    0x00000300   Section        0  i2c_accel.o(.text)
    .text                                    0x00000524   Section        0  spi_lcd.o(.text)
    .text                                    0x00000744   Section        0  ejercicio4.o(.text)
    .text                                    0x00000e2c   Section        0  i2c_lpc17xx.o(.text)
    __NVIC_DisableIRQ                        0x00000e2d   Thumb Code    54  i2c_lpc17xx.o(.text)
    GetI2CClockFreq                          0x00000e63   Thumb Code    60  i2c_lpc17xx.o(.text)
    I2C_GetVersion                           0x00000e9f   Thumb Code    10  i2c_lpc17xx.o(.text)
    I2C_GetCapabilities                      0x00000ea9   Thumb Code     6  i2c_lpc17xx.o(.text)
    I2Cx_Initialize                          0x00000eaf   Thumb Code    78  i2c_lpc17xx.o(.text)
    I2Cx_Uninitialize                        0x00000efd   Thumb Code    48  i2c_lpc17xx.o(.text)
    I2Cx_PowerControl                        0x00000f2d   Thumb Code   320  i2c_lpc17xx.o(.text)
    I2Cx_MasterTransmit                      0x0000106d   Thumb Code   204  i2c_lpc17xx.o(.text)
    I2Cx_MasterReceive                       0x00001139   Thumb Code   206  i2c_lpc17xx.o(.text)
    I2Cx_SlaveTransmit                       0x00001207   Thumb Code   132  i2c_lpc17xx.o(.text)
    I2Cx_SlaveReceive                        0x0000128b   Thumb Code   116  i2c_lpc17xx.o(.text)
    I2Cx_GetDataCount                        0x000012ff   Thumb Code     8  i2c_lpc17xx.o(.text)
    I2Cx_Control                             0x00001307   Thumb Code   378  i2c_lpc17xx.o(.text)
    I2Cx_GetStatus                           0x00001481   Thumb Code     8  i2c_lpc17xx.o(.text)
    I2Cx_MasterHandler                       0x00001489   Thumb Code   462  i2c_lpc17xx.o(.text)
    I2Cx_SlaveHandler                        0x00001657   Thumb Code   486  i2c_lpc17xx.o(.text)
    I2Cx_IRQHandler                          0x0000183d   Thumb Code    48  i2c_lpc17xx.o(.text)
    I2C2_Initialize                          0x0000186d   Thumb Code    14  i2c_lpc17xx.o(.text)
    I2C2_Uninitialize                        0x0000187b   Thumb Code    10  i2c_lpc17xx.o(.text)
    I2C2_PowerControl                        0x00001885   Thumb Code    14  i2c_lpc17xx.o(.text)
    I2C2_MasterTransmit                      0x00001893   Thumb Code    28  i2c_lpc17xx.o(.text)
    I2C2_MasterReceive                       0x000018af   Thumb Code    28  i2c_lpc17xx.o(.text)
    I2C2_SlaveTransmit                       0x000018cb   Thumb Code    18  i2c_lpc17xx.o(.text)
    I2C2_SlaveReceive                        0x000018dd   Thumb Code    18  i2c_lpc17xx.o(.text)
    I2C2_GetDataCount                        0x000018ef   Thumb Code    10  i2c_lpc17xx.o(.text)
    I2C2_Control                             0x000018f9   Thumb Code    18  i2c_lpc17xx.o(.text)
    I2C2_GetStatus                           0x0000190b   Thumb Code    12  i2c_lpc17xx.o(.text)
    __NVIC_EnableIRQ                         0x00001921   Thumb Code    26  i2c_lpc17xx.o(.text)
    __NVIC_ClearPendingIRQ                   0x0000193b   Thumb Code    22  i2c_lpc17xx.o(.text)
    .text                                    0x00001958   Section        0  ssp_lpc17xx.o(.text)
    GetSSPClockFreq                          0x00001959   Thumb Code    64  ssp_lpc17xx.o(.text)
    SSP_GetVersion                           0x00001999   Thumb Code    10  ssp_lpc17xx.o(.text)
    SSP_GetCapabilities                      0x000019a3   Thumb Code     6  ssp_lpc17xx.o(.text)
    SSPx_Initialize                          0x000019a9   Thumb Code   168  ssp_lpc17xx.o(.text)
    SSPx_Uninitialize                        0x00001a51   Thumb Code   112  ssp_lpc17xx.o(.text)
    SSPx_PowerControl                        0x00001ac1   Thumb Code   430  ssp_lpc17xx.o(.text)
    SSPx_Send                                0x00001c6f   Thumb Code   356  ssp_lpc17xx.o(.text)
    SSPx_Receive                             0x00001dd3   Thumb Code   344  ssp_lpc17xx.o(.text)
    SSPx_Transfer                            0x00001f2b   Thumb Code   338  ssp_lpc17xx.o(.text)
    SSPx_GetDataCount                        0x0000207d   Thumb Code    44  ssp_lpc17xx.o(.text)
    SSPx_Control                             0x000020a9   Thumb Code  1314  ssp_lpc17xx.o(.text)
    SSPx_GetStatus                           0x000025cb   Thumb Code    90  ssp_lpc17xx.o(.text)
    SSPx_IRQHandler                          0x00002677   Thumb Code   260  ssp_lpc17xx.o(.text)
    SSP1_Initialize                          0x0000277b   Thumb Code    14  ssp_lpc17xx.o(.text)
    SSP1_Uninitialize                        0x00002789   Thumb Code    10  ssp_lpc17xx.o(.text)
    SSP1_PowerControl                        0x00002793   Thumb Code    14  ssp_lpc17xx.o(.text)
    SSP1_Send                                0x000027a1   Thumb Code    18  ssp_lpc17xx.o(.text)
    SSP1_Receive                             0x000027b3   Thumb Code    18  ssp_lpc17xx.o(.text)
    SSP1_Transfer                            0x000027c5   Thumb Code    22  ssp_lpc17xx.o(.text)
    SSP1_GetDataCount                        0x000027db   Thumb Code    10  ssp_lpc17xx.o(.text)
    SSP1_Control                             0x000027e5   Thumb Code    18  ssp_lpc17xx.o(.text)
    SSP1_GetStatus                           0x000027f7   Thumb Code    12  ssp_lpc17xx.o(.text)
    __NVIC_ClearPendingIRQ                   0x00002829   Thumb Code    22  ssp_lpc17xx.o(.text)
    .text                                    0x00002848   Section        0  gpdma_lpc17xx.o(.text)
    Set_Channel_active_flag                  0x00002849   Thumb Code    50  gpdma_lpc17xx.o(.text)
    __NVIC_ClearPendingIRQ                   0x00002ce5   Thumb Code    22  gpdma_lpc17xx.o(.text)
    Clear_Channel_active_flag                0x00002cfb   Thumb Code    28  gpdma_lpc17xx.o(.text)
    .text                                    0x00002d28   Section        0  pin_lpc17xx.o(.text)
    .text                                    0x00002e64   Section        0  system_lpc17xx.o(.text)
    .text                                    0x00003154   Section      238  lludivv7m.o(.text)
    .text                                    0x00003242   Section       78  rt_memclr_w.o(.text)
    .text                                    0x00003290   Section       74  sys_stackheap_outer.o(.text)
    x$fpl$ffix                               0x000032dc   Section       54  ffix.o(x$fpl$ffix)
    x$fpl$fmul                               0x00003314   Section      258  fmul.o(x$fpl$fmul)
    x$fpl$fnaninf                            0x00003416   Section      140  fnaninf.o(x$fpl$fnaninf)
    .constdata                               0x000034a4   Section      100  i2c_lpc17xx.o(.constdata)
    DriverVersion                            0x000034a4   Data           4  i2c_lpc17xx.o(.constdata)
    DriverCapabilities                       0x000034a8   Data           4  i2c_lpc17xx.o(.constdata)
    I2C2_Resources                           0x000034ac   Data          44  i2c_lpc17xx.o(.constdata)
    .constdata                               0x00003508   Section      124  ssp_lpc17xx.o(.constdata)
    DriverVersion                            0x00003508   Data           4  ssp_lpc17xx.o(.constdata)
    DriverCapabilities                       0x0000350c   Data           4  ssp_lpc17xx.o(.constdata)
    SSP1_Resources                           0x00003510   Data          72  ssp_lpc17xx.o(.constdata)
    .data                                    0x10000000   Section        2  i2c_accel.o(.data)
    buffer                                   0x10000000   Data           2  i2c_accel.o(.data)
    .data                                    0x10000004   Section       72  ejercicio4.o(.data)
    state_joy_up                             0x10000004   Data           4  ejercicio4.o(.data)
    state_joy_down                           0x10000008   Data           4  ejercicio4.o(.data)
    state_joy_right                          0x1000000c   Data           4  ejercicio4.o(.data)
    state_joy_left                           0x10000010   Data           4  ejercicio4.o(.data)
    state_joy_center                         0x10000014   Data           4  ejercicio4.o(.data)
    Valor_POT                                0x10000018   Data           4  ejercicio4.o(.data)
    .data                                    0x1000004c   Section        4  i2c_lpc17xx.o(.data)
    .data                                    0x10000050   Section       12  ssp_lpc17xx.o(.data)
    SSP1_pin_sck                             0x10000050   Data           2  ssp_lpc17xx.o(.data)
    SSP1_pin_mosi                            0x10000052   Data           2  ssp_lpc17xx.o(.data)
    dummy_data                               0x10000054   Data           4  ssp_lpc17xx.o(.data)
    dummy_data                               0x10000058   Data           4  ssp_lpc17xx.o(.data)
    .data                                    0x1000005c   Section        8  gpdma_lpc17xx.o(.data)
    Channel_active                           0x1000005c   Data           4  gpdma_lpc17xx.o(.data)
    Init_cnt                                 0x10000060   Data           4  gpdma_lpc17xx.o(.data)
    .data                                    0x10000064   Section        4  system_lpc17xx.o(.data)
    .bss                                     0x10000068   Section      512  ejercicio4.o(.bss)
    .bss                                     0x10000268   Section       36  i2c_lpc17xx.o(.bss)
    I2C2_Ctrl                                0x10000268   Data          36  i2c_lpc17xx.o(.bss)
    .bss                                     0x1000028c   Section       40  ssp_lpc17xx.o(.bss)
    SSP1_Info                                0x1000028c   Data          12  ssp_lpc17xx.o(.bss)
    SSP1_Xfer                                0x10000298   Data          28  ssp_lpc17xx.o(.bss)
    .bss                                     0x100002b4   Section      160  gpdma_lpc17xx.o(.bss)
    Channel_info                             0x100002b4   Data         160  gpdma_lpc17xx.o(.bss)
    .bss                                     0x10000354   Section       96  libspace.o(.bss)
    HEAP                                     0x100003b8   Section        0  startup_lpc17xx.o(HEAP)
    STACK                                    0x100003b8   Section      512  startup_lpc17xx.o(STACK)
    Heap_Mem                                 0x100003b8   Data           0  startup_lpc17xx.o(HEAP)
    Stack_Mem                                0x100003b8   Data         512  startup_lpc17xx.o(STACK)
    __initial_sp                             0x100005b8   Data           0  startup_lpc17xx.o(STACK)

    Global Symbols

    Symbol Name                              Value     Ov Type        Size  Object(Section)

    BuildAttributes$$THM_ISAv4$P$D$K$B$S$PE$A:L22UL41UL21$X:L11$S22US41US21$IEEE1$IW$USESV6$~STKCKD$USESV7$~SHL$OSPACE$ROPI$EBA8$UX$STANDARDLIB$REQ8$PRES8$EABIv2 0x00000000   Number         0  anon$$obj.o ABSOLUTE
    __ARM_use_no_argv                        0x00000000   Number         0  ejercicio4.o ABSOLUTE
    __Vectors                                0x00000000   Data           4  startup_lpc17xx.o(RESET)
    __ARM_exceptions_init                     - Undefined Weak Reference
    __alloca_initialize                       - Undefined Weak Reference
    __arm_preinit_                            - Undefined Weak Reference
    __cpp_initialize__aeabi_                  - Undefined Weak Reference
    __cxa_finalize                            - Undefined Weak Reference
    __rt_locale                               - Undefined Weak Reference
    __sigvec_lookup                           - Undefined Weak Reference
    _atexit_init                              - Undefined Weak Reference
    _call_atexit_fns                          - Undefined Weak Reference
    _clock_init                               - Undefined Weak Reference
    _fp_trap_init                             - Undefined Weak Reference
    _fp_trap_shutdown                         - Undefined Weak Reference
    _get_lc_collate                           - Undefined Weak Reference
    _get_lc_ctype                             - Undefined Weak Reference
    _get_lc_monetary                          - Undefined Weak Reference
    _get_lc_numeric                           - Undefined Weak Reference
    _get_lc_time                              - Undefined Weak Reference
    _getenv_init                              - Undefined Weak Reference
    _handle_redirection                       - Undefined Weak Reference
    _init_alloc                               - Undefined Weak Reference
    _init_user_alloc                          - Undefined Weak Reference
    _initio                                   - Undefined Weak Reference
    _rand_init                                - Undefined Weak Reference
    _signal_finish                            - Undefined Weak Reference
    _signal_init                              - Undefined Weak Reference
    _terminate_alloc                          - Undefined Weak Reference
    _terminate_user_alloc                     - Undefined Weak Reference
    _terminateio                              - Undefined Weak Reference
    __main                                   0x000000cd   Thumb Code     8  __main.o(!!!main)
    __scatterload                            0x000000d5   Thumb Code     0  __scatter.o(!!!scatter)
    __scatterload_rt2                        0x000000d5   Thumb Code    44  __scatter.o(!!!scatter)
    __scatterload_rt2_thumb_only             0x000000d5   Thumb Code     0  __scatter.o(!!!scatter)
    __scatterload_null                       0x000000e3   Thumb Code     0  __scatter.o(!!!scatter)
    __scatterload_copy                       0x00000109   Thumb Code    26  __scatter_copy.o(!!handler_copy)
    __scatterload_zeroinit                   0x00000125   Thumb Code    28  __scatter_zi.o(!!handler_zi)
    __rt_lib_init                            0x00000141   Thumb Code     0  libinit.o(.ARM.Collect$$libinit$$00000000)
    __rt_lib_init_alloca_1                   0x00000143   Thumb Code     0  libinit2.o(.ARM.Collect$$libinit$$0000002E)
    __rt_lib_init_argv_1                     0x00000143   Thumb Code     0  libinit2.o(.ARM.Collect$$libinit$$0000002C)
    __rt_lib_init_atexit_1                   0x00000143   Thumb Code     0  libinit2.o(.ARM.Collect$$libinit$$0000001B)
    __rt_lib_init_clock_1                    0x00000143   Thumb Code     0  libinit2.o(.ARM.Collect$$libinit$$00000021)
    __rt_lib_init_cpp_1                      0x00000143   Thumb Code     0  libinit2.o(.ARM.Collect$$libinit$$00000032)
    __rt_lib_init_exceptions_1               0x00000143   Thumb Code     0  libinit2.o(.ARM.Collect$$libinit$$00000030)
    __rt_lib_init_fp_1                       0x00000143   Thumb Code     0  libinit2.o(.ARM.Collect$$libinit$$00000002)
    __rt_lib_init_fp_trap_1                  0x00000143   Thumb Code     0  libinit2.o(.ARM.Collect$$libinit$$0000001F)
    __rt_lib_init_getenv_1                   0x00000143   Thumb Code     0  libinit2.o(.ARM.Collect$$libinit$$00000023)
    __rt_lib_init_heap_1                     0x00000143   Thumb Code     0  libinit2.o(.ARM.Collect$$libinit$$0000000A)
    __rt_lib_init_lc_collate_1               0x00000143   Thumb Code     0  libinit2.o(.ARM.Collect$$libinit$$00000011)
    __rt_lib_init_lc_ctype_1                 0x00000143   Thumb Code     0  libinit2.o(.ARM.Collect$$libinit$$00000013)
    __rt_lib_init_lc_monetary_1              0x00000143   Thumb Code     0  libinit2.o(.ARM.Collect$$libinit$$00000015)
    __rt_lib_init_lc_numeric_1               0x00000143   Thumb Code     0  libinit2.o(.ARM.Collect$$libinit$$00000017)
    __rt_lib_init_lc_time_1                  0x00000143   Thumb Code     0  libinit2.o(.ARM.Collect$$libinit$$00000019)
    __rt_lib_init_preinit_1                  0x00000143   Thumb Code     0  libinit2.o(.ARM.Collect$$libinit$$00000004)
    __rt_lib_init_rand_1                     0x00000143   Thumb Code     0  libinit2.o(.ARM.Collect$$libinit$$0000000E)
    __rt_lib_init_return                     0x00000143   Thumb Code     0  libinit2.o(.ARM.Collect$$libinit$$00000033)
    __rt_lib_init_signal_1                   0x00000143   Thumb Code     0  libinit2.o(.ARM.Collect$$libinit$$0000001D)
    __rt_lib_init_stdio_1                    0x00000143   Thumb Code     0  libinit2.o(.ARM.Collect$$libinit$$00000025)
    __rt_lib_init_user_alloc_1               0x00000143   Thumb Code     0  libinit2.o(.ARM.Collect$$libinit$$0000000C)
    __rt_lib_shutdown                        0x00000145   Thumb Code     0  libshutdown.o(.ARM.Collect$$libshutdown$$00000000)
    __rt_lib_shutdown_cpp_1                  0x00000147   Thumb Code     0  libshutdown2.o(.ARM.Collect$$libshutdown$$00000002)
    __rt_lib_shutdown_fp_trap_1              0x00000147   Thumb Code     0  libshutdown2.o(.ARM.Collect$$libshutdown$$00000007)
    __rt_lib_shutdown_heap_1                 0x00000147   Thumb Code     0  libshutdown2.o(.ARM.Collect$$libshutdown$$0000000F)
    __rt_lib_shutdown_return                 0x00000147   Thumb Code     0  libshutdown2.o(.ARM.Collect$$libshutdown$$00000010)
    __rt_lib_shutdown_signal_1               0x00000147   Thumb Code     0  libshutdown2.o(.ARM.Collect$$libshutdown$$0000000A)
    __rt_lib_shutdown_stdio_1                0x00000147   Thumb Code     0  libshutdown2.o(.ARM.Collect$$libshutdown$$00000004)
    __rt_lib_shutdown_user_alloc_1           0x00000147   Thumb Code     0  libshutdown2.o(.ARM.Collect$$libshutdown$$0000000C)
    __rt_entry                               0x00000149   Thumb Code     0  __rtentry.o(.ARM.Collect$$rtentry$$00000000)
    __rt_entry_presh_1                       0x00000149   Thumb Code     0  __rtentry2.o(.ARM.Collect$$rtentry$$00000002)
    __rt_entry_sh                            0x00000149   Thumb Code     0  __rtentry4.o(.ARM.Collect$$rtentry$$00000004)
    __rt_entry_li                            0x0000014f   Thumb Code     0  __rtentry2.o(.ARM.Collect$$rtentry$$0000000A)
    __rt_entry_postsh_1                      0x0000014f   Thumb Code     0  __rtentry2.o(.ARM.Collect$$rtentry$$00000009)
    __rt_entry_main                          0x00000153   Thumb Code     0  __rtentry2.o(.ARM.Collect$$rtentry$$0000000D)
    __rt_entry_postli_1                      0x00000153   Thumb Code     0  __rtentry2.o(.ARM.Collect$$rtentry$$0000000C)
    __rt_exit                                0x0000015b   Thumb Code     0  rtexit.o(.ARM.Collect$$rtexit$$00000000)
    __rt_exit_ls                             0x0000015d   Thumb Code     0  rtexit2.o(.ARM.Collect$$rtexit$$00000003)
    __rt_exit_prels_1                        0x0000015d   Thumb Code     0  rtexit2.o(.ARM.Collect$$rtexit$$00000002)
    __rt_exit_exit                           0x00000161   Thumb Code     0  rtexit2.o(.ARM.Collect$$rtexit$$00000004)
    delay                                    0x00000169   Thumb Code    66  delay.o(.text)
    GPIO_PortClock                           0x000001b1   Thumb Code    38  gpio_lpc17xx.o(.text)
    GPIO_SetDir                              0x000001d7   Thumb Code    52  gpio_lpc17xx.o(.text)
    GPIO_PinWrite                            0x0000020b   Thumb Code    36  gpio_lpc17xx.o(.text)
    GPIO_PinRead                             0x0000022f   Thumb Code    28  gpio_lpc17xx.o(.text)
    GPIO_PortWrite                           0x0000024b   Thumb Code    26  gpio_lpc17xx.o(.text)
    GPIO_PortRead                            0x00000265   Thumb Code    14  gpio_lpc17xx.o(.text)
    Reset_Handler                            0x0000027d   Thumb Code     8  startup_lpc17xx.o(.text)
    NMI_Handler                              0x00000285   Thumb Code     2  startup_lpc17xx.o(.text)
    HardFault_Handler                        0x00000287   Thumb Code     2  startup_lpc17xx.o(.text)
    MemManage_Handler                        0x00000289   Thumb Code     2  startup_lpc17xx.o(.text)
    BusFault_Handler                         0x0000028b   Thumb Code     2  startup_lpc17xx.o(.text)
    UsageFault_Handler                       0x0000028d   Thumb Code     2  startup_lpc17xx.o(.text)
    SVC_Handler                              0x0000028f   Thumb Code     2  startup_lpc17xx.o(.text)
    DebugMon_Handler                         0x00000291   Thumb Code     2  startup_lpc17xx.o(.text)
    PendSV_Handler                           0x00000293   Thumb Code     2  startup_lpc17xx.o(.text)
    SysTick_Handler                          0x00000295   Thumb Code     2  startup_lpc17xx.o(.text)
    ADC_IRQHandler                           0x00000297   Thumb Code     0  startup_lpc17xx.o(.text)
    BOD_IRQHandler                           0x00000297   Thumb Code     0  startup_lpc17xx.o(.text)
    CANActivity_IRQHandler                   0x00000297   Thumb Code     0  startup_lpc17xx.o(.text)
    CAN_IRQHandler                           0x00000297   Thumb Code     0  startup_lpc17xx.o(.text)
    EINT0_IRQHandler                         0x00000297   Thumb Code     0  startup_lpc17xx.o(.text)
    EINT1_IRQHandler                         0x00000297   Thumb Code     0  startup_lpc17xx.o(.text)
    EINT2_IRQHandler                         0x00000297   Thumb Code     0  startup_lpc17xx.o(.text)
    EINT3_IRQHandler                         0x00000297   Thumb Code     0  startup_lpc17xx.o(.text)
    ENET_IRQHandler                          0x00000297   Thumb Code     0  startup_lpc17xx.o(.text)
    I2C0_IRQHandler                          0x00000297   Thumb Code     0  startup_lpc17xx.o(.text)
    I2C1_IRQHandler                          0x00000297   Thumb Code     0  startup_lpc17xx.o(.text)
    I2S_IRQHandler                           0x00000297   Thumb Code     0  startup_lpc17xx.o(.text)
    MCPWM_IRQHandler                         0x00000297   Thumb Code     0  startup_lpc17xx.o(.text)
    PLL0_IRQHandler                          0x00000297   Thumb Code     0  startup_lpc17xx.o(.text)
    PLL1_IRQHandler                          0x00000297   Thumb Code     0  startup_lpc17xx.o(.text)
    PWM1_IRQHandler                          0x00000297   Thumb Code     0  startup_lpc17xx.o(.text)
    QEI_IRQHandler                           0x00000297   Thumb Code     0  startup_lpc17xx.o(.text)
    RIT_IRQHandler                           0x00000297   Thumb Code     0  startup_lpc17xx.o(.text)
    RTC_IRQHandler                           0x00000297   Thumb Code     0  startup_lpc17xx.o(.text)
    SPI_IRQHandler                           0x00000297   Thumb Code     0  startup_lpc17xx.o(.text)
    SSP0_IRQHandler                          0x00000297   Thumb Code     0  startup_lpc17xx.o(.text)
    TIMER0_IRQHandler                        0x00000297   Thumb Code     0  startup_lpc17xx.o(.text)
    TIMER2_IRQHandler                        0x00000297   Thumb Code     0  startup_lpc17xx.o(.text)
    TIMER3_IRQHandler                        0x00000297   Thumb Code     0  startup_lpc17xx.o(.text)
    UART0_IRQHandler                         0x00000297   Thumb Code     0  startup_lpc17xx.o(.text)
    UART1_IRQHandler                         0x00000297   Thumb Code     0  startup_lpc17xx.o(.text)
    UART2_IRQHandler                         0x00000297   Thumb Code     0  startup_lpc17xx.o(.text)
    UART3_IRQHandler                         0x00000297   Thumb Code     0  startup_lpc17xx.o(.text)
    USBActivity_IRQHandler                   0x00000297   Thumb Code     0  startup_lpc17xx.o(.text)
    USB_IRQHandler                           0x00000297   Thumb Code     0  startup_lpc17xx.o(.text)
    WDT_IRQHandler                           0x00000297   Thumb Code     0  startup_lpc17xx.o(.text)
    __user_initial_stackheap                 0x00000299   Thumb Code     0  startup_lpc17xx.o(.text)
    __use_two_region_memory                  0x000002b9   Thumb Code     2  heapauxi.o(.text)
    __rt_heap_escrow$2region                 0x000002bb   Thumb Code     2  heapauxi.o(.text)
    __rt_heap_expand$2region                 0x000002bd   Thumb Code     2  heapauxi.o(.text)
    exit                                     0x000002bf   Thumb Code    18  exit.o(.text)
    __user_libspace                          0x000002d1   Thumb Code     8  libspace.o(.text)
    __user_perproc_libspace                  0x000002d1   Thumb Code     0  libspace.o(.text)
    __user_perthread_libspace                0x000002d1   Thumb Code     0  libspace.o(.text)
    _sys_exit                                0x000002d9   Thumb Code     8  sys_exit.o(.text)
    __I$use$semihosting                      0x000002e5   Thumb Code     0  use_no_semi.o(.text)
    __use_no_semihosting_swi                 0x000002e5   Thumb Code     2  use_no_semi.o(.text)
    __fpl_fretinf                            0x000002e7   Thumb Code    10  fretinf.o(x$fpl$fretinf)
    __semihosting_library_function           0x000002e7   Thumb Code     0  indicate_semi.o(.text)
    __I$use$fp                               0x000002f0   Number         0  usenofp.o(x$fpl$usenofp)
    I2CACCEL_Init                            0x00000301   Thumb Code    34  i2c_accel.o(.text)
    I2CACCEL_SetRegister                     0x00000323   Thumb Code   132  i2c_accel.o(.text)
    I2CACCEL_GetRegister                     0x000003a7   Thumb Code   232  i2c_accel.o(.text)
    I2CACCEL_Configure                       0x0000048f   Thumb Code    90  i2c_accel.o(.text)
    I2CACCEL_GetValue                        0x000004e9   Thumb Code    56  i2c_accel.o(.text)
    SPILCD_Init                              0x00000525   Thumb Code   106  spi_lcd.o(.text)
    SPILCD_SendCommand                       0x0000058f   Thumb Code   104  spi_lcd.o(.text)
    SPILCD_SendData                          0x000005f7   Thumb Code   106  spi_lcd.o(.text)
    SPILCD_Reset                             0x00000661   Thumb Code    58  spi_lcd.o(.text)
    SPILCD_Configure                         0x0000069b   Thumb Code    94  spi_lcd.o(.text)
    SPILCD_Transfer                          0x000006f9   Thumb Code    62  spi_lcd.o(.text)
    initPin_LED                              0x00000745   Thumb Code    34  ejercicio4.o(.text)
    initPin_JOY                              0x00000767   Thumb Code    34  ejercicio4.o(.text)
    TIMER1_IRQHandler                        0x00000789   Thumb Code    20  ejercicio4.o(.text)
    ConfiguraTIMER1                          0x0000079d   Thumb Code    48  ejercicio4.o(.text)
    Buffer_Reset                             0x000007cd   Thumb Code    20  ejercicio4.o(.text)
    Buffer_SetPixel                          0x000007e1   Thumb Code    48  ejercicio4.o(.text)
    Buffer_DrawRect                          0x00000811   Thumb Code    58  ejercicio4.o(.text)
    DrawSquare                               0x0000084b   Thumb Code    30  ejercicio4.o(.text)
    Buffer_GetPixel                          0x00000869   Thumb Code    68  ejercicio4.o(.text)
    Buffer_CheckRect                         0x000008ad   Thumb Code    66  ejercicio4.o(.text)
    CheckSquare                              0x000008ef   Thumb Code    38  ejercicio4.o(.text)
    Buffer_SetPixel0                         0x00000915   Thumb Code    58  ejercicio4.o(.text)
    Buffer_DrawRect0                         0x0000094f   Thumb Code    58  ejercicio4.o(.text)
    DrawSquare0                              0x00000989   Thumb Code    30  ejercicio4.o(.text)
    ConfiguraPWM                             0x000009a7   Thumb Code    94  ejercicio4.o(.text)
    ControlarPotenciometro                   0x00000a05   Thumb Code    96  ejercicio4.o(.text)
    main                                     0x00000a65   Thumb Code   908  ejercicio4.o(.text)
    I2C2_IRQHandler                          0x00001917   Thumb Code    10  i2c_lpc17xx.o(.text)
    SSPx_GPDMA_Tx_SignalEvent                0x00002625   Thumb Code    28  ssp_lpc17xx.o(.text)
    SSPx_GPDMA_Rx_SignalEvent                0x00002641   Thumb Code    54  ssp_lpc17xx.o(.text)
    SSP1_GPDMA_Tx_SignalEvent                0x00002803   Thumb Code    14  ssp_lpc17xx.o(.text)
    SSP1_GPDMA_Rx_SignalEvent                0x00002811   Thumb Code    14  ssp_lpc17xx.o(.text)
    SSP1_IRQHandler                          0x0000281f   Thumb Code    10  ssp_lpc17xx.o(.text)
    GPDMA_Initialize                         0x0000287b   Thumb Code   146  gpdma_lpc17xx.o(.text)
    GPDMA_Uninitialize                       0x0000290d   Thumb Code   116  gpdma_lpc17xx.o(.text)
    GPDMA_PeripheralSelect                   0x00002981   Thumb Code    62  gpdma_lpc17xx.o(.text)
    GPDMA_ChannelConfigure                   0x000029bf   Thumb Code   232  gpdma_lpc17xx.o(.text)
    GPDMA_ChannelEnable                      0x00002aa7   Thumb Code    54  gpdma_lpc17xx.o(.text)
    GPDMA_ChannelDisable                     0x00002add   Thumb Code    44  gpdma_lpc17xx.o(.text)
    GPDMA_ChannelGetStatus                   0x00002b09   Thumb Code    30  gpdma_lpc17xx.o(.text)
    GPDMA_ChannelGetCount                    0x00002b27   Thumb Code    38  gpdma_lpc17xx.o(.text)
    DMA_IRQHandler                           0x00002b4d   Thumb Code   408  gpdma_lpc17xx.o(.text)
    PIN_Configure                            0x00002d29   Thumb Code   246  pin_lpc17xx.o(.text)
    PIN_ConfigureTPIU                        0x00002e1f   Thumb Code    36  pin_lpc17xx.o(.text)
    PIN_ConfigureI2C0Pins                    0x00002e43   Thumb Code    28  pin_lpc17xx.o(.text)
    SystemCoreClockUpdate                    0x00002e65   Thumb Code   408  system_lpc17xx.o(.text)
    SystemInit                               0x00002ffd   Thumb Code   314  system_lpc17xx.o(.text)
    __aeabi_uldivmod                         0x00003155   Thumb Code     0  lludivv7m.o(.text)
    _ll_udiv                                 0x00003155   Thumb Code   238  lludivv7m.o(.text)
    __aeabi_memclr4                          0x00003243   Thumb Code     0  rt_memclr_w.o(.text)
    __aeabi_memclr8                          0x00003243   Thumb Code     0  rt_memclr_w.o(.text)
    __rt_memclr_w                            0x00003243   Thumb Code    78  rt_memclr_w.o(.text)
    _memset_w                                0x00003247   Thumb Code     0  rt_memclr_w.o(.text)
    __user_setup_stackheap                   0x00003291   Thumb Code    74  sys_stackheap_outer.o(.text)
    __aeabi_f2iz                             0x000032dd   Thumb Code     0  ffix.o(x$fpl$ffix)
    _ffix                                    0x000032dd   Thumb Code    54  ffix.o(x$fpl$ffix)
    __aeabi_fmul                             0x00003315   Thumb Code     0  fmul.o(x$fpl$fmul)
    _fmul                                    0x00003315   Thumb Code   258  fmul.o(x$fpl$fmul)
    __fpl_fnaninf                            0x00003417   Thumb Code   140  fnaninf.o(x$fpl$fnaninf)
    Driver_I2C2                              0x000034d8   Data          48  i2c_lpc17xx.o(.constdata)
    Driver_SPI1                              0x00003558   Data          44  ssp_lpc17xx.o(.constdata)
    Region$$Table$$Base                      0x00003584   Number         0  anon$$obj.o(Region$$Table)
    Region$$Table$$Limit                     0x000035a4   Number         0  anon$$obj.o(Region$$Table)
    valor_y                                  0x1000001c   Data           4  ejercicio4.o(.data)
    movimiento                               0x10000020   Data           4  ejercicio4.o(.data)
    cae                                      0x10000024   Data           4  ejercicio4.o(.data)
    first_square                             0x10000028   Data           4  ejercicio4.o(.data)
    second_square                            0x1000002c   Data           4  ejercicio4.o(.data)
    previous_square1                         0x10000030   Data           4  ejercicio4.o(.data)
    previous_square2                         0x10000034   Data           4  ejercicio4.o(.data)
    spiDrv1                                  0x10000038   Data           4  ejercicio4.o(.data)
    i2cDrv2                                  0x1000003c   Data           4  ejercicio4.o(.data)
    byte                                     0x10000040   Data           4  ejercicio4.o(.data)
    actualizarLCD                            0x10000044   Data           4  ejercicio4.o(.data)
    refresco                                 0x10000048   Data           4  ejercicio4.o(.data)
    I2C2_PIN                                 0x1000004c   Data           4  i2c_lpc17xx.o(.data)
    SystemCoreClock                          0x10000064   Data           4  system_lpc17xx.o(.data)
    buffer                                   0x10000068   Data         512  ejercicio4.o(.bss)
    __libspace_start                         0x10000354   Data          96  libspace.o(.bss)
    __temporary_stack_top$libspace           0x100003b4   Data           0  libspace.o(.bss)



==============================================================================

Memory Map of the image

  Image Entry point : 0x0000027d

  Load Region LR_1 (Base: 0x00000000, Size: 0x0000360c, Max: 0xffffffff, ABSOLUTE)

    Execution Region ER_RO (Exec base: 0x00000000, Load base: 0x00000000, Size: 0x000035a4, Max: 0xffffffff, ABSOLUTE)

    Exec Addr    Load Addr    Size         Type   Attr      Idx    E Section Name        Object

    0x00000000   0x00000000   0x000000cc   Data   RO          318    RESET               startup_lpc17xx.o
    0x000000cc   0x000000cc   0x00000008   Code   RO          364  * !!!main             c_w.l(__main.o)
    0x000000d4   0x000000d4   0x00000034   Code   RO          542    !!!scatter          c_w.l(__scatter.o)
    0x00000108   0x00000108   0x0000001a   Code   RO          544    !!handler_copy      c_w.l(__scatter_copy.o)
    0x00000122   0x00000122   0x00000002   PAD
    0x00000124   0x00000124   0x0000001c   Code   RO          546    !!handler_zi        c_w.l(__scatter_zi.o)
    0x00000140   0x00000140   0x00000002   Code   RO          412    .ARM.Collect$$libinit$$00000000  c_w.l(libinit.o)
    0x00000142   0x00000142   0x00000000   Code   RO          425    .ARM.Collect$$libinit$$00000002  c_w.l(libinit2.o)
    0x00000142   0x00000142   0x00000000   Code   RO          427    .ARM.Collect$$libinit$$00000004  c_w.l(libinit2.o)
    0x00000142   0x00000142   0x00000000   Code   RO          430    .ARM.Collect$$libinit$$0000000A  c_w.l(libinit2.o)
    0x00000142   0x00000142   0x00000000   Code   RO          432    .ARM.Collect$$libinit$$0000000C  c_w.l(libinit2.o)
    0x00000142   0x00000142   0x00000000   Code   RO          434    .ARM.Collect$$libinit$$0000000E  c_w.l(libinit2.o)
    0x00000142   0x00000142   0x00000000   Code   RO          437    .ARM.Collect$$libinit$$00000011  c_w.l(libinit2.o)
    0x00000142   0x00000142   0x00000000   Code   RO          439    .ARM.Collect$$libinit$$00000013  c_w.l(libinit2.o)
    0x00000142   0x00000142   0x00000000   Code   RO          441    .ARM.Collect$$libinit$$00000015  c_w.l(libinit2.o)
    0x00000142   0x00000142   0x00000000   Code   RO          443    .ARM.Collect$$libinit$$00000017  c_w.l(libinit2.o)
    0x00000142   0x00000142   0x00000000   Code   RO          445    .ARM.Collect$$libinit$$00000019  c_w.l(libinit2.o)
    0x00000142   0x00000142   0x00000000   Code   RO          447    .ARM.Collect$$libinit$$0000001B  c_w.l(libinit2.o)
    0x00000142   0x00000142   0x00000000   Code   RO          449    .ARM.Collect$$libinit$$0000001D  c_w.l(libinit2.o)
    0x00000142   0x00000142   0x00000000   Code   RO          451    .ARM.Collect$$libinit$$0000001F  c_w.l(libinit2.o)
    0x00000142   0x00000142   0x00000000   Code   RO          453    .ARM.Collect$$libinit$$00000021  c_w.l(libinit2.o)
    0x00000142   0x00000142   0x00000000   Code   RO          455    .ARM.Collect$$libinit$$00000023  c_w.l(libinit2.o)
    0x00000142   0x00000142   0x00000000   Code   RO          457    .ARM.Collect$$libinit$$00000025  c_w.l(libinit2.o)
    0x00000142   0x00000142   0x00000000   Code   RO          461    .ARM.Collect$$libinit$$0000002C  c_w.l(libinit2.o)
    0x00000142   0x00000142   0x00000000   Code   RO          463    .ARM.Collect$$libinit$$0000002E  c_w.l(libinit2.o)
    0x00000142   0x00000142   0x00000000   Code   RO          465    .ARM.Collect$$libinit$$00000030  c_w.l(libinit2.o)
    0x00000142   0x00000142   0x00000000   Code   RO          467    .ARM.Collect$$libinit$$00000032  c_w.l(libinit2.o)
    0x00000142   0x00000142   0x00000002   Code   RO          468    .ARM.Collect$$libinit$$00000033  c_w.l(libinit2.o)
    0x00000144   0x00000144   0x00000002   Code   RO          499    .ARM.Collect$$libshutdown$$00000000  c_w.l(libshutdown.o)
    0x00000146   0x00000146   0x00000000   Code   RO          525    .ARM.Collect$$libshutdown$$00000002  c_w.l(libshutdown2.o)
    0x00000146   0x00000146   0x00000000   Code   RO          527    .ARM.Collect$$libshutdown$$00000004  c_w.l(libshutdown2.o)
    0x00000146   0x00000146   0x00000000   Code   RO          530    .ARM.Collect$$libshutdown$$00000007  c_w.l(libshutdown2.o)
    0x00000146   0x00000146   0x00000000   Code   RO          533    .ARM.Collect$$libshutdown$$0000000A  c_w.l(libshutdown2.o)
    0x00000146   0x00000146   0x00000000   Code   RO          535    .ARM.Collect$$libshutdown$$0000000C  c_w.l(libshutdown2.o)
    0x00000146   0x00000146   0x00000000   Code   RO          538    .ARM.Collect$$libshutdown$$0000000F  c_w.l(libshutdown2.o)
    0x00000146   0x00000146   0x00000002   Code   RO          539    .ARM.Collect$$libshutdown$$00000010  c_w.l(libshutdown2.o)
    0x00000148   0x00000148   0x00000000   Code   RO          372    .ARM.Collect$$rtentry$$00000000  c_w.l(__rtentry.o)
    0x00000148   0x00000148   0x00000000   Code   RO          383    .ARM.Collect$$rtentry$$00000002  c_w.l(__rtentry2.o)
    0x00000148   0x00000148   0x00000006   Code   RO          395    .ARM.Collect$$rtentry$$00000004  c_w.l(__rtentry4.o)
    0x0000014e   0x0000014e   0x00000000   Code   RO          385    .ARM.Collect$$rtentry$$00000009  c_w.l(__rtentry2.o)
    0x0000014e   0x0000014e   0x00000004   Code   RO          386    .ARM.Collect$$rtentry$$0000000A  c_w.l(__rtentry2.o)
    0x00000152   0x00000152   0x00000000   Code   RO          388    .ARM.Collect$$rtentry$$0000000C  c_w.l(__rtentry2.o)
    0x00000152   0x00000152   0x00000008   Code   RO          389    .ARM.Collect$$rtentry$$0000000D  c_w.l(__rtentry2.o)
    0x0000015a   0x0000015a   0x00000002   Code   RO          416    .ARM.Collect$$rtexit$$00000000  c_w.l(rtexit.o)
    0x0000015c   0x0000015c   0x00000000   Code   RO          472    .ARM.Collect$$rtexit$$00000002  c_w.l(rtexit2.o)
    0x0000015c   0x0000015c   0x00000004   Code   RO          473    .ARM.Collect$$rtexit$$00000003  c_w.l(rtexit2.o)
    0x00000160   0x00000160   0x00000006   Code   RO          474    .ARM.Collect$$rtexit$$00000004  c_w.l(rtexit2.o)
    0x00000166   0x00000166   0x00000002   PAD
    0x00000168   0x00000168   0x00000048   Code   RO            4    .text               delay.o
    0x000001b0   0x000001b0   0x000000cc   Code   RO          271    .text               gpio_lpc17xx.o
    0x0000027c   0x0000027c   0x0000003c   Code   RO          320  * .text               startup_lpc17xx.o
    0x000002b8   0x000002b8   0x00000006   Code   RO          362    .text               c_w.l(heapauxi.o)
    0x000002be   0x000002be   0x00000012   Code   RO          401    .text               c_w.l(exit.o)
    0x000002d0   0x000002d0   0x00000008   Code   RO          413    .text               c_w.l(libspace.o)
    0x000002d8   0x000002d8   0x0000000c   Code   RO          469    .text               c_w.l(sys_exit.o)
    0x000002e4   0x000002e4   0x00000002   Code   RO          488    .text               c_w.l(use_no_semi.o)
    0x000002e6   0x000002e6   0x00000000   Code   RO          490    .text               c_w.l(indicate_semi.o)
    0x000002e6   0x000002e6   0x0000000a   Code   RO          379    x$fpl$fretinf       fz_ws.l(fretinf.o)
    0x000002f0   0x000002f0   0x00000000   Code   RO          381    x$fpl$usenofp       fz_ws.l(usenofp.o)
    0x000002f0   0x000002f0   0x0000000c   PAD
    0x000002fc   0x000002fc   0x00000004   Code   RO          319    .ARM.__at_0x02FC    startup_lpc17xx.o
    0x00000300   0x00000300   0x00000224   Code   RO           51    .text               i2c_accel.o
    0x00000524   0x00000524   0x00000220   Code   RO           82    .text               spi_lcd.o
    0x00000744   0x00000744   0x000006e8   Code   RO          118    .text               ejercicio4.o
    0x00000e2c   0x00000e2c   0x00000b2c   Code   RO          160    .text               i2c_lpc17xx.o
    0x00001958   0x00001958   0x00000ef0   Code   RO          205    .text               ssp_lpc17xx.o
    0x00002848   0x00002848   0x000004e0   Code   RO          244    .text               gpdma_lpc17xx.o
    0x00002d28   0x00002d28   0x0000013c   Code   RO          295    .text               pin_lpc17xx.o
    0x00002e64   0x00002e64   0x000002f0   Code   RO          329    .text               system_lpc17xx.o
    0x00003154   0x00003154   0x000000ee   Code   RO          358    .text               c_w.l(lludivv7m.o)
    0x00003242   0x00003242   0x0000004e   Code   RO          360    .text               c_w.l(rt_memclr_w.o)
    0x00003290   0x00003290   0x0000004a   Code   RO          399    .text               c_w.l(sys_stackheap_outer.o)
    0x000032da   0x000032da   0x00000002   PAD
    0x000032dc   0x000032dc   0x00000036   Code   RO          366    x$fpl$ffix          fz_ws.l(ffix.o)
    0x00003312   0x00003312   0x00000002   PAD
    0x00003314   0x00003314   0x00000102   Code   RO          370    x$fpl$fmul          fz_ws.l(fmul.o)
    0x00003416   0x00003416   0x0000008c   Code   RO          377    x$fpl$fnaninf       fz_ws.l(fnaninf.o)
    0x000034a2   0x000034a2   0x00000002   PAD
    0x000034a4   0x000034a4   0x00000064   Data   RO          162    .constdata          i2c_lpc17xx.o
    0x00003508   0x00003508   0x0000007c   Data   RO          207    .constdata          ssp_lpc17xx.o
    0x00003584   0x00003584   0x00000020   Data   RO          540    Region$$Table       anon$$obj.o


    Execution Region ER_RW (Exec base: 0x10000000, Load base: 0x000035a4, Size: 0x00000068, Max: 0xffffffff, ABSOLUTE)

    Exec Addr    Load Addr    Size         Type   Attr      Idx    E Section Name        Object

    0x10000000   0x000035a4   0x00000002   Data   RW           52    .data               i2c_accel.o
    0x10000002   0x000035a6   0x00000002   PAD
    0x10000004   0x000035a8   0x00000048   Data   RW          120    .data               ejercicio4.o
    0x1000004c   0x000035f0   0x00000004   Data   RW          163    .data               i2c_lpc17xx.o
    0x10000050   0x000035f4   0x0000000c   Data   RW          208    .data               ssp_lpc17xx.o
    0x1000005c   0x00003600   0x00000008   Data   RW          246    .data               gpdma_lpc17xx.o
    0x10000064   0x00003608   0x00000004   Data   RW          330    .data               system_lpc17xx.o


    Execution Region ER_ZI (Exec base: 0x10000068, Load base: 0x0000360c, Size: 0x00000550, Max: 0xffffffff, ABSOLUTE)

    Exec Addr    Load Addr    Size         Type   Attr      Idx    E Section Name        Object

    0x10000068        -       0x00000200   Zero   RW          119    .bss                ejercicio4.o
    0x10000268        -       0x00000024   Zero   RW          161    .bss                i2c_lpc17xx.o
    0x1000028c        -       0x00000028   Zero   RW          206    .bss                ssp_lpc17xx.o
    0x100002b4        -       0x000000a0   Zero   RW          245    .bss                gpdma_lpc17xx.o
    0x10000354        -       0x00000060   Zero   RW          414    .bss                c_w.l(libspace.o)
    0x100003b4   0x0000360c   0x00000004   PAD
    0x100003b8        -       0x00000000   Zero   RW          317    HEAP                startup_lpc17xx.o
    0x100003b8        -       0x00000200   Zero   RW          316    STACK               startup_lpc17xx.o


==============================================================================

Image component sizes


      Code (inc. data)   RO Data    RW Data    ZI Data      Debug   Object Name

        72          6          0          0          0      21752   delay.o
      1768        122          0         72        512      33514   ejercicio4.o
      1248         50          0          8        160       5393   gpdma_lpc17xx.o
       204         10          0          0          0       1681   gpio_lpc17xx.o
       548          4          0          2          0       4751   i2c_accel.o
      2860         66        100          4         36      38448   i2c_lpc17xx.o
       316          6          0          0          0       1348   pin_lpc17xx.o
       544         14          0          0          0       6407   spi_lcd.o
      3824         34        124         12         40      43823   ssp_lpc17xx.o
        64         26        204          0        512        956   startup_lpc17xx.o
       752         30          0          4          0       1037   system_lpc17xx.o

    ----------------------------------------------------------------------
     12200        368        460        104       1260     159110   Object Totals
         0          0         32          0          0          0   (incl. Generated)
         0          0          0          2          0          0   (incl. Padding)

    ----------------------------------------------------------------------

      Code (inc. data)   RO Data    RW Data    ZI Data      Debug   Library Member Name

         8          0          0          0          0         68   __main.o
         0          0          0          0          0          0   __rtentry.o
        12          0          0          0          0          0   __rtentry2.o
         6          0          0          0          0          0   __rtentry4.o
        52          8          0          0          0          0   __scatter.o
        26          0          0          0          0          0   __scatter_copy.o
        28          0          0          0          0          0   __scatter_zi.o
        18          0          0          0          0         80   exit.o
         6          0          0          0          0        152   heapauxi.o
         0          0          0          0          0          0   indicate_semi.o
         2          0          0          0          0          0   libinit.o
         2          0          0          0          0          0   libinit2.o
         2          0          0          0          0          0   libshutdown.o
         2          0          0          0          0          0   libshutdown2.o
         8          4          0          0         96         68   libspace.o
       238          0          0          0          0        100   lludivv7m.o
        78          0          0          0          0         80   rt_memclr_w.o
         2          0          0          0          0          0   rtexit.o
        10          0          0          0          0          0   rtexit2.o
        12          4          0          0          0         68   sys_exit.o
        74          0          0          0          0         80   sys_stackheap_outer.o
         2          0          0          0          0         68   use_no_semi.o
        54          4          0          0          0         84   ffix.o
       258          4          0          0          0         84   fmul.o
       140          4          0          0          0         84   fnaninf.o
        10          0          0          0          0         68   fretinf.o
         0          0          0          0          0          0   usenofp.o

    ----------------------------------------------------------------------
      1072         28          0          0        100       1084   Library Totals
        22          0          0          0          4          0   (incl. Padding)

    ----------------------------------------------------------------------

      Code (inc. data)   RO Data    RW Data    ZI Data      Debug   Library Name

       588         16          0          0         96        764   c_w.l
       462         12          0          0          0        320   fz_ws.l

    ----------------------------------------------------------------------
      1072         28          0          0        100       1084   Library Totals

    ----------------------------------------------------------------------

==============================================================================


      Code (inc. data)   RO Data    RW Data    ZI Data      Debug   

     13272        396        460        104       1360     159046   Grand Totals
     13272        396        460        104       1360     159046   ELF Image Totals
     13272        396        460        104          0          0   ROM Totals

==============================================================================

    Total RO  Size (Code + RO Data)                13732 (  13.41kB)
    Total RW  Size (RW Data + ZI Data)              1464 (   1.43kB)
    Total ROM Size (Code + RO Data + RW Data)      13836 (  13.51kB)

==============================================================================

